// Jest Snapshot v1, https://goo.gl/fbAQLP

exports[`renders questionnaires page questionnaires list page matches Snapshot 1`] = `
{
  "asFragment": [Function],
  "baseElement": <body>
    <div>
      <table
        class="ons-table"
        data-testid="questionnaire-table"
        id="questionnaire-table"
      >
        <thead
          class="ons-table__head"
        >
          <tr
            class="ons-table__row"
          >
            <th
              class="ons-table__header"
              scope="col"
            >
              Questionnaire name
            </th>
            <th
              class="ons-table__header"
              scope="col"
            >
              Server park
            </th>
            <th
              class="ons-table__header"
              scope="col"
            >
              Number of cases
            </th>
          </tr>
        </thead>
        <tbody
          class="ons-table__body"
        >
          <tr
            class="ons-table__row"
            data-testid="questionnaire-table-row"
          >
            <td
              class="ons-table__cell"
            >
              <a
                href="/questionnaires/OPN2101A/cases"
              >
                OPN2101A
              </a>
            </td>
            <td
              class="ons-table__cell"
            >
              gusty
            </td>
            <td
              class="ons-table__cell"
            >
              0
            </td>
          </tr>
          <tr
            class="ons-table__row"
            data-testid="questionnaire-table-row"
          >
            <td
              class="ons-table__cell"
            >
              <a
                href="/questionnaires/OPN2007T/cases"
              >
                OPN2007T
              </a>
            </td>
            <td
              class="ons-table__cell"
            >
              gusty
            </td>
            <td
              class="ons-table__cell"
            >
              10
            </td>
          </tr>
          <tr
            class="ons-table__row"
            data-testid="questionnaire-table-row"
          >
            <td
              class="ons-table__cell"
            >
              <a
                href="/questionnaires/LMS2101_AA1/cases"
              >
                LMS2101_AA1
              </a>
            </td>
            <td
              class="ons-table__cell"
            >
              gusty
            </td>
            <td
              class="ons-table__cell"
            >
              0
            </td>
          </tr>
        </tbody>
      </table>
    </div>
  </body>,
  "container": <div>
    <table
      class="ons-table"
      data-testid="questionnaire-table"
      id="questionnaire-table"
    >
      <thead
        class="ons-table__head"
      >
        <tr
          class="ons-table__row"
        >
          <th
            class="ons-table__header"
            scope="col"
          >
            Questionnaire name
          </th>
          <th
            class="ons-table__header"
            scope="col"
          >
            Server park
          </th>
          <th
            class="ons-table__header"
            scope="col"
          >
            Number of cases
          </th>
        </tr>
      </thead>
      <tbody
        class="ons-table__body"
      >
        <tr
          class="ons-table__row"
          data-testid="questionnaire-table-row"
        >
          <td
            class="ons-table__cell"
          >
            <a
              href="/questionnaires/OPN2101A/cases"
            >
              OPN2101A
            </a>
          </td>
          <td
            class="ons-table__cell"
          >
            gusty
          </td>
          <td
            class="ons-table__cell"
          >
            0
          </td>
        </tr>
        <tr
          class="ons-table__row"
          data-testid="questionnaire-table-row"
        >
          <td
            class="ons-table__cell"
          >
            <a
              href="/questionnaires/OPN2007T/cases"
            >
              OPN2007T
            </a>
          </td>
          <td
            class="ons-table__cell"
          >
            gusty
          </td>
          <td
            class="ons-table__cell"
          >
            10
          </td>
        </tr>
        <tr
          class="ons-table__row"
          data-testid="questionnaire-table-row"
        >
          <td
            class="ons-table__cell"
          >
            <a
              href="/questionnaires/LMS2101_AA1/cases"
            >
              LMS2101_AA1
            </a>
          </td>
          <td
            class="ons-table__cell"
          >
            gusty
          </td>
          <td
            class="ons-table__cell"
          >
            0
          </td>
        </tr>
      </tbody>
    </table>
  </div>,
  "debug": [Function],
  "findAllByAltText": [Function],
  "findAllByDisplayValue": [Function],
  "findAllByLabelText": [Function],
  "findAllByPlaceholderText": [Function],
  "findAllByRole": [Function],
  "findAllByTestId": [Function],
  "findAllByText": [Function],
  "findAllByTitle": [Function],
  "findByAltText": [Function],
  "findByDisplayValue": [Function],
  "findByLabelText": [Function],
  "findByPlaceholderText": [Function],
  "findByRole": [Function],
  "findByTestId": [Function],
  "findByText": [Function],
  "findByTitle": [Function],
  "getAllByAltText": [Function],
  "getAllByDisplayValue": [Function],
  "getAllByLabelText": [Function],
  "getAllByPlaceholderText": [Function],
  "getAllByRole": [Function],
  "getAllByTestId": [Function],
  "getAllByText": [Function],
  "getAllByTitle": [Function],
  "getByAltText": [Function],
  "getByDisplayValue": [Function],
  "getByLabelText": [Function],
  "getByPlaceholderText": [Function],
  "getByRole": [Function],
  "getByTestId": [Function],
  "getByText": [Function],
  "getByTitle": [Function],
  "queryAllByAltText": [Function],
  "queryAllByDisplayValue": [Function],
  "queryAllByLabelText": [Function],
  "queryAllByPlaceholderText": [Function],
  "queryAllByRole": [Function],
  "queryAllByTestId": [Function],
  "queryAllByText": [Function],
  "queryAllByTitle": [Function],
  "queryByAltText": [Function],
  "queryByDisplayValue": [Function],
  "queryByLabelText": [Function],
  "queryByPlaceholderText": [Function],
  "queryByRole": [Function],
  "queryByTestId": [Function],
  "queryByText": [Function],
  "queryByTitle": [Function],
  "rerender": [Function],
  "unmount": [Function],
}
`;
